> Task :app:preBuild UP-TO-DATE
> Task :app:preDebugBuild UP-TO-DATE
> Task :app:mergeDebugNativeDebugMetadata NO-SOURCE
> Task :app:generateDebugResources UP-TO-DATE
> Task :app:packageDebugResources UP-TO-DATE
> Task :app:processDebugNavigationResources UP-TO-DATE
> Task :app:parseDebugLocalResources UP-TO-DATE
> Task :app:generateDebugRFile UP-TO-DATE
> Task :app:compileDebugKotlin NO-SOURCE
> Task :app:javaPreCompileDebug UP-TO-DATE
> Task :app:compileDebugJavaWithJavac UP-TO-DATE
> Task :app:generateDebugAssets UP-TO-DATE
> Task :app:mergeDebugAssets UP-TO-DATE
> Task :app:compressDebugAssets UP-TO-DATE
> Task :app:processDebugJavaRes NO-SOURCE
> Task :app:mergeDebugJavaResource UP-TO-DATE
> Task :app:checkDebugDuplicateClasses UP-TO-DATE
> Task :app:desugarDebugFileDependencies UP-TO-DATE
> Task :app:mergeExtDexDebug UP-TO-DATE
> Task :app:mergeLibDexDebug UP-TO-DATE
> Task :app:checkDebugAarMetadata UP-TO-DATE
> Task :app:compileDebugNavigationResources UP-TO-DATE
> Task :app:mapDebugSourceSetPaths UP-TO-DATE
> Task :app:mergeDebugResources UP-TO-DATE
> Task :app:createDebugCompatibleScreenManifests UP-TO-DATE
> Task :app:extractDeepLinksDebug UP-TO-DATE
> Task :app:processDebugMainManifest UP-TO-DATE
> Task :app:processDebugManifest UP-TO-DATE
> Task :app:processDebugManifestForPackage UP-TO-DATE
> Task :app:mergeDebugJniLibFolders UP-TO-DATE
> Task :app:mergeDebugNativeLibs NO-SOURCE
> Task :app:stripDebugDebugSymbols NO-SOURCE
> Task :app:validateSigningDebug UP-TO-DATE
> Task :app:writeDebugAppMetadata UP-TO-DATE
> Task :app:writeDebugSigningConfigVersions UP-TO-DATE
> Task :app:processDebugResources FAILED
.\gradlew.bat : 
At line:1 char:1
+ .\gradlew.bat assembleDebug > build_output.txt 2>&1
+ ~~~~~~~~~~~~~~~~~~~~~~~~~~~~~~~~~~~~~~~~~~~~~~~~~~~
    + CategoryInfo          : NotSpecified: (:String) [], RemoteExcept 
   ion
    + FullyQualifiedErrorId : NativeCommandError
 
FAILURE: Build failed with an exception.

* What went wrong:
Execution failed for task ':app:processDebugResources'.
> A failure occurred while executing com.android.build.gradle.internal.
res.LinkApplicationAndroidResourcesTask$TaskAction
   > Android resource linking failed
     com.example.miniprojecttest.app-main-37:/layout/activity_category.
xml:10: error: resource attr/colorBackground (aka 
com.example.miniprojecttest:attr/colorBackground) not found.
     com.example.miniprojecttest.app-main-37:/layout/activity_checkout.
xml:10: error: resource attr/colorBackground (aka 
com.example.miniprojecttest:attr/colorBackground) not found.
     com.example.miniprojecttest.app-main-37:/layout/activity_checkout.
xml:62: error: resource attr/colorDivider (aka 
com.example.miniprojecttest:attr/colorDivider) not found.
     com.example.miniprojecttest.app-main-37:/layout/activity_checkout.
xml:82: error: resource attr/colorTextSecondary (aka 
com.example.miniprojecttest:attr/colorTextSecondary) not found.
     com.example.miniprojecttest.app-main-37:/layout/activity_checkout.
xml:102: error: resource attr/colorTextSecondary (aka 
com.example.miniprojecttest:attr/colorTextSecondary) not found.
     com.example.miniprojecttest.app-main-37:/layout/activity_checkout.
xml:118: error: resource attr/colorDivider (aka 
com.example.miniprojecttest:attr/colorDivider) not found.
     
com.example.miniprojecttest.app-main-37:/layout/activity_login.xml:10: 
error: resource attr/colorBackground (aka 
com.example.miniprojecttest:attr/colorBackground) not found.
     com.example.miniprojecttest.app-main-37:/layout/activity_product_d
etail.xml:10: error: resource attr/colorBackground (aka 
com.example.miniprojecttest:attr/colorBackground) not found.
     com.example.miniprojecttest.app-main-37:/layout/activity_product_d
etail.xml:81: error: resource attr/colorDivider (aka 
com.example.miniprojecttest:attr/colorDivider) not found.
     com.example.miniprojecttest.app-main-37:/layout/activity_product_d
etail.xml:99: error: resource attr/colorTextSecondary (aka 
com.example.miniprojecttest:attr/colorTextSecondary) not found.
     com.example.miniprojecttest.app-main-37:/layout/activity_product_l
ist.xml:10: error: resource attr/colorBackground (aka 
com.example.miniprojecttest:attr/colorBackground) not found.
     
com.example.miniprojecttest.app-main-37:/layout/item_checkout.xml:15: 
error: resource attr/colorDivider (aka 
com.example.miniprojecttest:attr/colorDivider) not found.
     
com.example.miniprojecttest.app-main-37:/layout/item_checkout.xml:57: 
error: resource attr/colorTextSecondary (aka 
com.example.miniprojecttest:attr/colorTextSecondary) not found.
     error: failed linking file resources.


* Try:
> Run with --stacktrace option to get the stack trace.
> Run with --info or --debug option to get more log output.
> Run with --scan to generate a Build Scan (Powered by Develocity).
> Get more help at https://help.gradle.org.

BUILD FAILED in 2s
28 actionable tasks: 1 executed, 27 up-to-date
